// Jest Snapshot v1, https://goo.gl/fbAQLP

exports[`should render CartListItem correctly 1`] = `
<div>
  Item
</div>
`;
