// Jest Snapshot v1, https://goo.gl/fbAQLP

exports[`should render Header correctly 1`] = `
<header>
  <h1>
    Phonify
  </h1>
  <NavLink
    activeClassName="is-active"
    exact={true}
    to="/"
  >
    Home
  </NavLink>
  <NavLink
    activeClassName="is-active"
    exact={true}
    to="/cart"
  >
    Cart
  </NavLink>
  <NavLink
    activeClassName="is-active"
    exact={true}
    to="/help"
  >
    Help
  </NavLink>
</header>
`;
