// Jest Snapshot v1, https://goo.gl/fbAQLP

exports[`should render HelpPage correctly 1`] = `
<div>
  <Header />
  <h2>
    Help
  </h2>
</div>
`;
