// Jest Snapshot v1, https://goo.gl/fbAQLP

exports[`should render PhoneList with Phones 1`] = `
<div>
  <h1>
    Phone List
  </h1>
  <Connect(PhoneListItem)
    id="1"
    key="1"
    name="Google Pixel"
    price={1000}
    quantity={0}
  />
  <Connect(PhoneListItem)
    id="2"
    key="2"
    name="Black Berry"
    price={600}
    quantity={0}
  />
  <Connect(PhoneListItem)
    id="3u"
    key="3u"
    name="Iphone xs"
    price={1400}
    quantity={0}
  />
</div>
`;
